<html>
<body>
<pre>
<h1>µVision Build Log</h1>
<h2>Tool Versions:</h2>
IDE-Version: •ÏVision V5.15
Copyright (C) 2015 ARM Ltd and ARM Germany GmbH. All rights reserved.
License Information: . ., ., LIC=47GUH-WCIF6-ARNXW-Q2CTP-R07QS-6LNYE
 
Tool Versions:
Toolchain:       MDK-ARM Standard  Version: 5.15.0
Toolchain Path:  C:\Keil\ARM\ARMCC\Bin
C Compiler:      Armcc.exe V5.05 update 2 (build 169)
Assembler:       Armasm.exe V5.05 update 2 (build 169)
Linker/Locator:  ArmLink.exe V5.05 update 2 (build 169)
Library Manager: ArmAr.exe V5.05 update 2 (build 169)
Hex Converter:   FromElf.exe V5.05 update 2 (build 169)
CPU DLL:         SARMCM3.DLL V5.15.0
Dialog DLL:      DARMCM1.DLL V1.12.0.0
Target DLL:      CMSIS_AGDI.dll V1.21.12.0
Dialog DLL:      TARMCM1.DLL V1.9.0.0
 
<h2>Project:</h2>
G:\sg\proj\Ω≈º∫eng\keil_v2.00\AppFreeRTOS\ss_eng_rtos\app.uvprojx
Project File Date:  10/27/2020

<h2>Output:</h2>
*** Using Compiler 'V5.05 update 2 (build 169)', folder: 'C:\Keil\ARM\ARMCC\Bin'
Rebuild target 'Target 1'
compiling main.c...
compiling task_main.c...
compiling proc.c...
compiling peri.c...
compiling disp.c...
compiling mon.c...
compiling sensirion.c...
compiling A31G12x_I2Cn_sg.c...
compiling uart_a31g12x.c...
compiling uart1n_a31g12x.c...
compiling i2c_a31g12x.c...
assembling startup_A31G12x.s...
assembling option_A31G12x.s...
compiling system_A31G12x.c...
compiling A31G12x_ADC.c...
compiling A31G12x_CRC.c...
compiling A31G12x_FMC.c...
compiling A31G12x_INTC.c...
compiling A31G12x_LCD.c...
compiling A31G12x_PCU.c...
compiling A31G12x_PWR.c...
compiling A31G12x_SCUCC.c...
compiling A31G12x_SCUCG.c...
compiling A31G12x_SCULV.c...
compiling A31G12x_TIMER1n.c...
compiling A31G12x_TIMER2n.c...
compiling A31G12x_TIMER3n.c...
compiling A31G12x_UARTn.c...
compiling A31G12x_USART1n.c...
compiling A31G12x_WDT.c...
compiling A31G12x_WT.c...
compiling debug_frmwrk.c...
compiling slib.c...
compiling tasks.c...
compiling list.c...
compiling queue.c...
compiling port.c...
compiling heap_2.c...
compiling ESP32.c...
compiling ir_nec.c...
compiling ir_nec_hal.c...
compiling mc2012_hal.c...
compiling mc2102.c...
compiling modbus.c...
compiling modbus_hal.c...
compiling sensirion_common.c...
compiling sensirion_i2c_sg.c...
compiling sgp30.c...
compiling sht3x.c...
compiling sps30.c...
linking...
Program Size: Code=12468 RO-data=400 RW-data=304 ZI-data=5800  
FromELF: creating hex file...
".\KEIL\out\FreeRTOS.axf" - 0 Error(s), 0 Warning(s).

<h2>Software Packages used:</h2>

Package Vendor: ARM
                http://www.keil.com/pack/ARM.CMSIS.5.6.0.pack
                ARM::CMSIS:CORE:5.3.0
                CMSIS (Cortex Microcontroller Software Interface Standard)
   * Component: CORE Version: 5.3.0

<h2>Collection of Component include folders:</h2>
  G:\sg\proj\Ω≈º∫eng\keil_v2.00\AppFreeRTOS\ss_eng_rtos\RTE
  C:\Keil\ARM\PACK\ARM\CMSIS\5.6.0\CMSIS\Core\Include
  C:\Keil\ARM\PACK\ARM\CMSIS\5.6.0\Device\ARM\ARMCM0plus\Include

<h2>Collection of Component Files used:</h2>

   * Component: ARM::CMSIS:CORE:5.3.0
</pre>
</body>
</html>
